Component: ARM Compiler 5.05 update 1 (build 106) Tool: armlink [4d0efa]

==============================================================================

Section Cross References

    main_1.o(.text) refers to stm32f10x_iwdg.o(.text) for IWDG_ReloadCounter
    main_1.o(.text) refers to menu.o(.text) for men_1ms
    main_1.o(.text) refers to keyboard.o(.text) for key_1ms
    main_1.o(.text) refers to mmc_32f1.o(.text) for disk_timerproc
    main_1.o(.text) refers to stm32f10x_rcc.o(.text) for RCC_APB2PeriphClockCmd
    main_1.o(.text) refers to stm32f10x_gpio.o(.text) for GPIO_Init
    main_1.o(.text) refers to main_1.o(.data) for GLOBAL_TIMER_1ms
    main_1.o(.text) refers to vga_lib.o(.text) for vga_CLEAR
    main_1.o(.text) refers to road.o(.text) for rod_DEINIT
    main_1.o(.text) refers to flash_at45db.o(.text) for SPI_SETUP
    main_1.o(.text) refers to fs_finit.o(.text) for finit
    main_1.o(.text) refers to core_cm3.o(.emb_text) for __set_MSP
    main_1.o(.text) refers to misc.o(.text) for NVIC_SetVectorTable
    main_1.o(.text) refers to system_stm32f10x.o(.text) for SystemInit
    main_1.o(.text) refers to realtime.o(.text) for rtc_SETUP
    main_1.o(.text) refers to fs_fat.o(.text) for get_mmc
    main_1.o(.text) refers to rt_memcpy_w.o(.text) for __aeabi_memcpy4
    main_1.o(.text) refers to usbhw.o(.text) for USB_Init
    main_1.o(.text) refers to ff.o(.text) for f_mount
    main_1.o(.text) refers to font_7x10_bold.o(.constdata) for FONT_7x10_bold
    main_1.o(.text) refers to main_1.o(.bss) for sdinfo
    main_1.o(.text) refers to font_6x8.o(.constdata) for FONT_6x8
    main_1.o(.text) refers to stm32f10x_flash.o(.text) for FLASH_Unlock
    main_1.o(.text) refers to misc.o(.text) for NVIC_Init
    main_1.o(.text) refers to _printf_percent.o(.ARM.Collect$$_printf_percent$$00000000) for _printf_percent
    main_1.o(.text) refers to _printf_f.o(.ARM.Collect$$_printf_percent$$00000003) for _printf_f
    main_1.o(.text) refers to printf1.o(x$fpl$printf1) for _printf_fp_dec
    main_1.o(.text) refers to vga_lib.o(.text) for vga_CLEAR
    main_1.o(.text) refers to dflt_clz.o(x$fpl$dflt) for __aeabi_i2d
    main_1.o(.text) refers to ddiv.o(x$fpl$ddiv) for __aeabi_ddiv
    main_1.o(.text) refers to noretval__2sprintf.o(.text) for __2sprintf
    main_1.o(.text) refers to font_6x8.o(.constdata) for FONT_6x8
    main_1.o(.text) refers to vga_lib.o(.text) for vga_CLEAR
    main_1.o(.text) refers to menu.o(.text) for men_SHOW_MESSAGE
    main_1.o(.text) refers to vga_lib.o(.text) for vga_RECTANGLE
    main_1.o(.text) refers to stm32f10x_iwdg.o(.text) for IWDG_ReloadCounter
    main_1.o(.text) refers to rt_memclr_w.o(.text) for __aeabi_memclr4
    main_1.o(.text) refers to flash.o(.text) for mmc_format
    main_1.o(.text) refers to reg.o(.text) for reg_WRITE
    main_1.o(.text) refers to road.o(.text) for rod_CreateFile_edit
    main_1.o(.text) refers to main_1.o(.text) for Delay
    main_1.o(.text) refers to noretval__2sprintf.o(.text) for __2sprintf
    main_1.o(.text) refers to stm32f10x_bkp.o(.text) for BKP_WriteBackupRegister
    main_1.o(.text) refers to stm32f10x_gpio.o(.text) for GPIO_ResetBits
    main_1.o(.text) refers to font_6x8.o(.constdata) for FONT_6x8
    main_1.o(.text) refers to font_7x10_bold.o(.constdata) for FONT_7x10_bold
    main_1.o(.text) refers to realtime.o(.text) for rtc_CHECK_EVENT_1S
    main_1.o(.text) refers to realtime.o(.text) for rtc_COPY_RTC_TO_BUFER
    main_1.o(.text) refers to reg.o(.text) for reg_WRITE
    stm32f10x_it.o(.text) refers to main_1.o(.text) for Timer_1ms_CallBack
    stm32f10x_it.o(.text) refers to stm32f10x_usart.o(.text) for USART_GetITStatus
    stm32f10x_it.o(.text) refers to stm32f10x_it.o(.data) for f
    wav.o(.text) refers to fs_fdelete.o(.text) for fdelete
    wav.o(.text) refers to fopen.o(.text) for fopen
    wav.o(.text) refers to fwritefast.o(.text) for fwrite
    wav.o(.text) refers to fclose.o(.text) for fclose
    wav.o(.text) refers to fs_fdelete.o(.text) for fdelete
    wav.o(.text) refers to fopen.o(.text) for fopen
    wav.o(.text) refers to fwritefast.o(.text) for fwrite
    wav.o(.text) refers to fclose.o(.text) for fclose
    wav.o(.text) refers to _printf_percent.o(.ARM.Collect$$_printf_percent$$00000000) for _printf_percent
    wav.o(.text) refers to fopen.o(.text) for fopen
    wav.o(.text) refers to noretval__2fprintf.o(.text) for __2fprintf
    wav.o(.text) refers to fputc.o(i.fputc) for fputc
    wav.o(.text) refers to fclose.o(.text) for fclose
    iir.o(.text) refers to faddsub_clz.o(x$fpl$fadd) for __aeabi_fadd
    iir.o(.text) refers to iir.o(.data) for num_fil
    iir.o(.text) refers to iir.o(.bss) for IIRF
    iir.o(.text) refers to fmul.o(x$fpl$fmul) for __aeabi_fmul
    iir.o(.text) refers to faddsub_clz.o(x$fpl$fadd) for __aeabi_fadd
    iir.o(.text) refers to fmul.o(x$fpl$fmul) for __aeabi_fmul
    iir.o(.text) refers to faddsub_clz.o(x$fpl$fadd) for __aeabi_fadd
[...]
    .text                                    0x080098c0   Section       74  sys_stackheap_outer.o(.text)
    .text                                    0x0800990a   Section        0  exit.o(.text)
    i.USB_GetDescriptor                      0x08009918   Section        0  usbcore.o(i.USB_GetDescriptor)
    i.USB_GetStatus                          0x080099c0   Section        0  usbcore.o(i.USB_GetStatus)
    i.USB_SetClrFeature                      0x08009a90   Section        0  usbcore.o(i.USB_SetClrFeature)
    i.USB_SetConfiguration                   0x08009b6c   Section        0  usbcore.o(i.USB_SetConfiguration)
    i.USB_SetInterface                       0x08009cfc   Section        0  usbcore.o(i.USB_SetInterface)
    x$fpl$fdiv                               0x08009e0c   Section      388  fdiv.o(x$fpl$fdiv)
    _fdiv1                                   0x08009e0d   Thumb Code     0  fdiv.o(x$fpl$fdiv)
    x$fpl$ffix                               0x08009f90   Section       54  ffix.o(x$fpl$ffix)
    x$fpl$fflt                               0x08009fc8   Section       48  fflt_clz.o(x$fpl$fflt)
    x$fpl$ffltu                              0x08009ff8   Section       38  fflt_clz.o(x$fpl$ffltu)
    x$fpl$fmul                               0x0800a020   Section      258  fmul.o(x$fpl$fmul)
    x$fpl$fnaninf                            0x0800a122   Section      140  fnaninf.o(x$fpl$fnaninf)
    x$fpl$fretinf                            0x0800a1ae   Section       10  fretinf.o(x$fpl$fretinf)
    .constdata                               0x0800a1b8   Section      256  params.o(.constdata)
    x$fpl$usenofp                            0x0800a1b8   Section        0  usenofp.o(x$fpl$usenofp)
    .constdata                               0x0800a2b8   Section       64  usbuser.o(.constdata)
    .constdata                               0x0800a2f8   Section      165  usbdesc.o(.constdata)
    .constdata                               0x0800a3a0   Section       56  file_config.o(.constdata)
    .constdata                               0x0800a3d8   Section      169  fs_fat.o(.constdata)
    IniDevCfg                                0x0800a3d8   Data         156  fs_fat.o(.constdata)
    ChIndex                                  0x0800a474   Data          13  fs_fat.o(.constdata)
    .constdata                               0x0800a484   Section     1544  font_6x8.o(.constdata)
    .constdata                               0x0800aa8c   Section     3592  font_7x10_bold.o(.constdata)
    .constdata                               0x0800b894   Section      186  ff.o(.constdata)
    ExCvt                                    0x0800b894   Data         128  ff.o(.constdata)
    LfnOfs                                   0x0800b914   Data          13  ff.o(.constdata)
    vst                                      0x0800b922   Data          22  ff.o(.constdata)
    cst                                      0x0800b938   Data          22  ff.o(.constdata)
    .constdata                               0x0800b94e   Section     1216  ccsbcs.o(.constdata)
    Tbl                                      0x0800b94e   Data         256  ccsbcs.o(.constdata)
    tbl_lower                                0x0800ba4e   Data         480  ccsbcs.o(.constdata)
    tbl_upper                                0x0800bc2e   Data         480  ccsbcs.o(.constdata)
    .constdata                               0x0800be0e   Section       12  _monlen.o(.constdata)
    .data                                    0x20000000   Section      144  main_1.o(.data)
    .data                                    0x20000090   Section        1  stm32f10x_it.o(.data)
    f                                        0x20000090   Data           1  stm32f10x_it.o(.data)
    .data                                    0x20000098   Section     1360  ext_adc.o(.data)
    .data                                    0x200005e8   Section        9  keyboard.o(.data)
    .data                                    0x200005f4   Section        4  road.o(.data)
    .data                                    0x200005f8   Section       28  mscuser.o(.data)
    .data                                    0x20000614   Section       44  usbcore.o(.data)
    .data                                    0x20000640   Section        6  usbhw.o(.data)
    .data                                    0x20000648   Section       20  fs_fat.o(.data)
    free_clus                                0x20000648   Data           4  fs_fat.o(.data)
    top_clus                                 0x2000064c   Data           4  fs_fat.o(.data)
    startDirClus                             0x20000650   Data           4  fs_fat.o(.data)
    firstEntClus                             0x20000654   Data           4  fs_fat.o(.data)
    firstEntOffs                             0x20000658   Data           2  fs_fat.o(.data)
    numOfEntries                             0x2000065a   Data           1  fs_fat.o(.data)
    in_root_1x                               0x2000065b   Data           1  fs_fat.o(.data)
    .data                                    0x2000065c   Section        3  vga_lib.o(.data)
    .data                                    0x20000660   Section      173  menu.o(.data)
    .data                                    0x20000710   Section        6  ff.o(.data)
    FatFs                                    0x20000710   Data           4  ff.o(.data)
    Fsid                                     0x20000714   Data           2  ff.o(.data)
    .data                                    0x20000718   Section       13  mmc_32f1.o(.data)
    Stat                                     0x20000718   Data           1  mmc_32f1.o(.data)
    Timer1                                   0x2000071c   Data           4  mmc_32f1.o(.data)
    Timer2                                   0x20000720   Data           4  mmc_32f1.o(.data)
    CardType                                 0x20000724   Data           1  mmc_32f1.o(.data)
    .bss                                     0x20000728   Section     1302  main_1.o(.bss)
    .bss                                     0x20000c40   Section    50112  ext_adc.o(.bss)
    res                                      0x2000cfd0   Data          12  ext_adc.o(.bss)
    res                                      0x2000cfdc   Data          12  ext_adc.o(.bss)
    res                                      0x2000cfe8   Data          12  ext_adc.o(.bss)
    res                                      0x2000cff4   Data          12  ext_adc.o(.bss)
    .bss                                     0x2000d000   Section       66  reg.o(.bss)
    .bss                                     0x2000d044   Section       44  realtime.o(.bss)
    .bss                                     0x2000d070   Section      108  mscuser.o(.bss)
    .bss                                     0x2000d0dc   Section     1076  file_config.o(.bss)
    .bss                                     0x2000d510   Section      340  fs_fat.o(.bss)
    fat                                      0x2000d510   Data          12  fs_fat.o(.bss)
    ca                                       0x2000d51c   Data          20  fs_fat.o(.bss)
    mmc                                      0x2000d530   Data          48  fs_fat.o(.bss)
    name_buf                                 0x2000d560   Data         260  fs_fat.o(.bss)
    .bss                                     0x2000d664   Section     1024  vga_lib.o(.bss)
    .bss                                     0x2000da64   Section       44  localtime.o(.bss)
    _tms                                     0x2000da64   Data          44  localtime.o(.bss)
    .bss                                     0x2000da90   Section       96  libspace.o(.bss)
    HEAP                                     0x2000daf0   Section      512  startup_stm32f10x_md.o(HEAP)
    Heap_Mem                                 0x2000daf0   Data         512  startup_stm32f10x_md.o(HEAP)
    STACK                                    0x2000dcf0   Section     1024  startup_stm32f10x_md.o(STACK)
    Stack_Mem                                0x2000dcf0   Data        1024  startup_stm32f10x_md.o(STACK)
    __initial_sp                             0x2000e0f0   Data           0  startup_stm32f10x_md.o(STACK)

    Global Symbols

    Symbol Name                              Value     Ov Type        Size  Object(Section)

    BuildAttributes$$THM_ISAv4$P$D$K$B$S$PE$A:L22UL41UL21$X:L11$S22US41US21$IEEE1$IW$USESV6$~STKCKD$USESV7$~SHL$OTIME$ROPI$IEEEJ$EBA8$UX$STANDARDLIB$REQ8$PRES8$EABIv2 0x00000000   Number         0  anon$$obj.o ABSOLUTE
    __ARM_use_no_argv                        0x00000000   Number         0  main_1.o ABSOLUTE
    _printf_flags                            0x00000000   Number         0  printf_stubs.o ABSOLUTE
    _printf_return_value                     0x00000000   Number         0  printf_stubs.o ABSOLUTE
    _printf_sizespec                         0x00000000   Number         0  printf_stubs.o ABSOLUTE
    _printf_widthprec                        0x00000000   Number         0  printf_stubs.o ABSOLUTE
    __ARM_exceptions_init                     - Undefined Weak Reference
    __alloca_initialize                       - Undefined Weak Reference
    __arm_preinit_                            - Undefined Weak Reference
    __cpp_initialize__aeabi_                  - Undefined Weak Reference
    __cxa_finalize                            - Undefined Weak Reference
    __sigvec_lookup                           - Undefined Weak Reference
    __user_heap_extent                        - Undefined Weak Reference
    _atexit_init                              - Undefined Weak Reference
    _call_atexit_fns                          - Undefined Weak Reference
    _clock_init                               - Undefined Weak Reference
    _fp_trap_init                             - Undefined Weak Reference
    _fp_trap_shutdown                         - Undefined Weak Reference
    _get_lc_collate                           - Undefined Weak Reference
    _get_lc_monetary                          - Undefined Weak Reference
    _get_lc_time                              - Undefined Weak Reference
    _getenv_init                              - Undefined Weak Reference
    _handle_redirection                       - Undefined Weak Reference
    _mutex_acquire                            - Undefined Weak Reference
    _mutex_free                               - Undefined Weak Reference
    _mutex_release                            - Undefined Weak Reference
    _printf_mbtowc                            - Undefined Weak Reference
    _printf_truncate_signed                   - Undefined Weak Reference
    _printf_truncate_unsigned                 - Undefined Weak Reference
    _rand_init                                - Undefined Weak Reference
    _scanf_int                                - Undefined Weak Reference
    _scanf_longlong                           - Undefined Weak Reference
    _scanf_mbtowc                             - Undefined Weak Reference
    _scanf_real                               - Undefined Weak Reference
    _scanf_wctomb                             - Undefined Weak Reference
    _scanf_wstring                            - Undefined Weak Reference
    _signal_finish                            - Undefined Weak Reference
    _signal_init                              - Undefined Weak Reference
    __Vectors_Size                           0x000000ec   Number         0  startup_stm32f10x_md.o ABSOLUTE
    __FS_ARM_VER                             0x00000412   Number         0  fs_finit.o ABSOLUTE
    __Vectors                                0x08000000   Data           4  startup_stm32f10x_md.o(RESET)
    __Vectors_End                            0x080000ec   Data           0  startup_stm32f10x_md.o(RESET)
    __main                                   0x080000ed   Thumb Code     8  __main.o(!!!main)
    __scatterload                            0x080000f5   Thumb Code     0  __scatter.o(!!!scatter)
    __scatterload_rt2                        0x080000f5   Thumb Code    44  __scatter.o(!!!scatter)
    __scatterload_rt2_thumb_only             0x080000f5   Thumb Code     0  __scatter.o(!!!scatter)
    __scatterload_null                       0x08000103   Thumb Code     0  __scatter.o(!!!scatter)
    __decompress                             0x08000129   Thumb Code   100  __dclz77c.o(!!dclz77c)
    __decompress2                            0x08000129   Thumb Code     0  __dclz77c.o(!!dclz77c)
    __scatterload_zeroinit                   0x0800018d   Thumb Code    28  __scatter_zi.o(!!handler_zi)
    __rt_lib_init                            0x080001a9   Thumb Code     0  libinit.o(.ARM.Collect$$libinit$$00000000)
    __rt_lib_init_alloca_1                   0x080001ab   Thumb Code     0  libinit2.o(.ARM.Collect$$libinit$$0000002E)
    __rt_lib_init_argv_1                     0x080001ab   Thumb Code     0  libinit2.o(.ARM.Collect$$libinit$$0000002C)
    __rt_lib_init_atexit_1                   0x080001ab   Thumb Code     0  libinit2.o(.ARM.Collect$$libinit$$0000001B)
    __rt_lib_init_clock_1                    0x080001ab   Thumb Code     0  libinit2.o(.ARM.Collect$$libinit$$00000021)
    __rt_lib_init_cpp_1                      0x080001ab   Thumb Code     0  libinit2.o(.ARM.Collect$$libinit$$00000032)
    __rt_lib_init_exceptions_1               0x080001ab   Thumb Code     0  libinit2.o(.ARM.Collect$$libinit$$00000030)
    __rt_lib_init_fp_1                       0x080001ab   Thumb Code     0  libinit2.o(.ARM.Collect$$libinit$$00000002)
    __rt_lib_init_fp_trap_1                  0x080001ab   Thumb Code     0  libinit2.o(.ARM.Collect$$libinit$$0000001F)
    __rt_lib_init_getenv_1                   0x080001ab   Thumb Code     0  libinit2.o(.ARM.Collect$$libinit$$00000023)
    __rt_lib_init_heap_1                     0x080001ab   Thumb Code     0  libinit2.o(.ARM.Collect$$libinit$$0000000A)
    __rt_lib_init_lc_collate_1               0x080001ab   Thumb Code     0  libinit2.o(.ARM.Collect$$libinit$$00000011)
    __rt_lib_init_lc_ctype_1                 0x080001ab   Thumb Code     0  libinit2.o(.ARM.Collect$$libinit$$00000013)
    __rt_lib_init_lc_monetary_1              0x080001ab   Thumb Code     0  libinit2.o(.ARM.Collect$$libinit$$00000015)
    __rt_lib_init_lc_numeric_1               0x080001ab   Thumb Code     0  libinit2.o(.ARM.Collect$$libinit$$00000017)
    __rt_lib_init_lc_time_1                  0x080001ab   Thumb Code     0  libinit2.o(.ARM.Collect$$libinit$$00000019)
    __rt_lib_init_preinit_1                  0x080001ab   Thumb Code     0  libinit2.o(.ARM.Collect$$libinit$$00000004)
    __rt_lib_init_rand_1                     0x080001ab   Thumb Code     0  libinit2.o(.ARM.Collect$$libinit$$0000000E)
    __rt_lib_init_return                     0x080001ab   Thumb Code     0  libinit2.o(.ARM.Collect$$libinit$$00000033)
    __rt_lib_init_signal_1                   0x080001ab   Thumb Code     0  libinit2.o(.ARM.Collect$$libinit$$0000001D)
    __rt_lib_init_stdio_1                    0x080001ab   Thumb Code     0  libinit2.o(.ARM.Collect$$libinit$$00000025)
    __rt_lib_init_user_alloc_1               0x080001ab   Thumb Code     0  libinit2.o(.ARM.Collect$$libinit$$0000000C)
    __rt_lib_shutdown                        0x080001ad   Thumb Code     0  libshutdown.o(.ARM.Collect$$libshutdown$$00000000)
    __rt_lib_shutdown_fp_trap_1              0x080001af   Thumb Code     0  libshutdown2.o(.ARM.Collect$$libshutdown$$00000006)
    __rt_lib_shutdown_heap_1                 0x080001af   Thumb Code     0  libshutdown2.o(.ARM.Collect$$libshutdown$$0000000E)
    __rt_lib_shutdown_return                 0x080001af   Thumb Code     0  libshutdown2.o(.ARM.Collect$$libshutdown$$0000000F)
    __rt_lib_shutdown_signal_1               0x080001af   Thumb Code     0  libshutdown2.o(.ARM.Collect$$libshutdown$$00000009)
    __rt_lib_shutdown_stdio_1                0x080001af   Thumb Code     0  libshutdown2.o(.ARM.Collect$$libshutdown$$00000003)
    __rt_lib_shutdown_user_alloc_1           0x080001af   Thumb Code     0  libshutdown2.o(.ARM.Collect$$libshutdown$$0000000B)
    __rt_entry                               0x080001b1   Thumb Code     0  __rtentry.o(.ARM.Collect$$rtentry$$00000000)
    __rt_entry_presh_1                       0x080001b1   Thumb Code     0  __rtentry2.o(.ARM.Collect$$rtentry$$00000002)
    __rt_entry_sh                            0x080001b1   Thumb Code     0  __rtentry4.o(.ARM.Collect$$rtentry$$00000004)
    __rt_entry_li                            0x080001b7   Thumb Code     0  __rtentry2.o(.ARM.Collect$$rtentry$$0000000A)
    __rt_entry_postsh_1                      0x080001b7   Thumb Code     0  __rtentry2.o(.ARM.Collect$$rtentry$$00000009)
    __rt_entry_main                          0x080001bb   Thumb Code     0  __rtentry2.o(.ARM.Collect$$rtentry$$0000000D)
    __rt_entry_postli_1                      0x080001bb   Thumb Code     0  __rtentry2.o(.ARM.Collect$$rtentry$$0000000C)
    __rt_exit                                0x080001c3   Thumb Code     0  rtexit.o(.ARM.Collect$$rtexit$$00000000)
    __rt_exit_ls                             0x080001c5   Thumb Code     0  rtexit2.o(.ARM.Collect$$rtexit$$00000003)
    __rt_exit_prels_1                        0x080001c5   Thumb Code     0  rtexit2.o(.ARM.Collect$$rtexit$$00000002)
    __rt_exit_exit                           0x080001c9   Thumb Code     0  rtexit2.o(.ARM.Collect$$rtexit$$00000004)
    __get_PSP                                0x080001d1   Thumb Code     6  core_cm3.o(.emb_text)
    __set_PSP                                0x080001d7   Thumb Code     6  core_cm3.o(.emb_text)
    __get_MSP                                0x080001dd   Thumb Code     6  core_cm3.o(.emb_text)
    __set_MSP                                0x080001e3   Thumb Code     6  core_cm3.o(.emb_text)
    __REV16                                  0x080001e9   Thumb Code     4  core_cm3.o(.emb_text)
    __REVSH                                  0x080001ed   Thumb Code     4  core_cm3.o(.emb_text)
    Timer_1ms_CallBack                       0x08000245   Thumb Code   200  main_1.o(.text)
    Delay                                    0x0800030d   Thumb Code    10  main_1.o(.text)
    SET_CLOCK_SPEED                          0x08000317   Thumb Code   112  main_1.o(.text)
    GPIO_SETUP                               0x08000387   Thumb Code  1084  main_1.o(.text)
    ShowPowerOffForm                         0x080007c3   Thumb Code    30  main_1.o(.text)
    EXTI9_5_IRQHandler                       0x080007e1   Thumb Code   104  main_1.o(.text)
    FAT_Init                                 0x08000849   Thumb Code    60  main_1.o(.text)
    JumpToApplication                        0x08000885   Thumb Code    30  main_1.o(.text)
    main                                     0x080008a3   Thumb Code   830  main_1.o(.text)
    NMI_Handler                              0x08000c2d   Thumb Code     2  stm32f10x_it.o(.text)
    HardFault_Handler                        0x08000c2f   Thumb Code     4  stm32f10x_it.o(.text)
    MemManage_Handler                        0x08000c33   Thumb Code     4  stm32f10x_it.o(.text)
    BusFault_Handler                         0x08000c37   Thumb Code     4  stm32f10x_it.o(.text)
    UsageFault_Handler                       0x08000c3b   Thumb Code     4  stm32f10x_it.o(.text)
    SVC_Handler                              0x08000c3f   Thumb Code     2  stm32f10x_it.o(.text)
    DebugMon_Handler                         0x08000c41   Thumb Code     2  stm32f10x_it.o(.text)
    PendSV_Handler                           0x08000c43   Thumb Code     2  stm32f10x_it.o(.text)
    SysTick_Handler                          0x08000c45   Thumb Code     8  stm32f10x_it.o(.text)
    USART2_IRQHandler                        0x08000c4d   Thumb Code    66  stm32f10x_it.o(.text)
    iir_DEC_FILTER_1ORD                      0x08000c99   Thumb Code    98  iir.o(.text)
    iir_DEC_FILTER_2ORD                      0x08000cfb   Thumb Code   142  iir.o(.text)
    iir_DEC_FILTER_4ORD                      0x08000d89   Thumb Code   284  iir.o(.text)
    iir_DETECTOR                             0x08000ea5   Thumb Code    88  iir.o(.text)
    mmc_write_sect                           0x08000f01   Thumb Code    72  flash.o(.text)
    mmc_read_sect                            0x08000f49   Thumb Code    72  flash.o(.text)
    ext_adc_READ                             0x08000f99   Thumb Code   272  ext_adc.o(.text)
    TIM1_UP_IRQHandler                       0x080010a9   Thumb Code   986  ext_adc.o(.text)
    key_1ms                                  0x080014ad   Thumb Code   598  keyboard.o(.text)
    key_CHECK_EVENT                          0x08001703   Thumb Code    28  keyboard.o(.text)
    reg_READ                                 0x08001739   Thumb Code   136  reg.o(.text)
    rtc_RESET                                0x080017c9   Thumb Code    48  realtime.o(.text)
    rtc_SETUP                                0x080017f9   Thumb Code   132  realtime.o(.text)
    rtc_COPY_RTC_TO_BUFER                    0x0800187d   Thumb Code    28  realtime.o(.text)
    rtc_READ                                 0x08001899   Thumb Code    76  realtime.o(.text)
    SPI_SETUP                                0x080018ed   Thumb Code   218  flash_at45db.o(.text)
    rod_DEINIT                               0x080019d5   Thumb Code    18  road.o(.text)
    SystemInit                               0x08001ad1   Thumb Code    70  system_stm32f10x.o(.text)
    NVIC_Init                                0x08001b29   Thumb Code   100  misc.o(.text)
    NVIC_SetVectorTable                      0x08001b8d   Thumb Code    14  misc.o(.text)
    RCC_GetFlagStatus                        0x08001bad   Thumb Code    56  stm32f10x_rcc.o(.text)
    RCC_LSEConfig                            0x08001be5   Thumb Code    50  stm32f10x_rcc.o(.text)
    RCC_RTCCLKConfig                         0x08001c17   Thumb Code    12  stm32f10x_rcc.o(.text)
    RCC_RTCCLKCmd                            0x08001c23   Thumb Code     6  stm32f10x_rcc.o(.text)
    RCC_APB2PeriphClockCmd                   0x08001c29   Thumb Code    26  stm32f10x_rcc.o(.text)
    RCC_APB1PeriphClockCmd                   0x08001c43   Thumb Code    26  stm32f10x_rcc.o(.text)
    RCC_BackupResetCmd                       0x08001c5d   Thumb Code     8  stm32f10x_rcc.o(.text)
    USART_SendData                           0x08001c6d   Thumb Code     8  stm32f10x_usart.o(.text)
    USART_ReceiveData                        0x08001c75   Thumb Code    10  stm32f10x_usart.o(.text)
    USART_ClearFlag                          0x08001c7f   Thumb Code    18  stm32f10x_usart.o(.text)
    USART_GetITStatus                        0x08001c91   Thumb Code    84  stm32f10x_usart.o(.text)
    GPIO_Init                                0x08001ce5   Thumb Code   278  stm32f10x_gpio.o(.text)
    GPIO_ReadInputDataBit                    0x08001dfb   Thumb Code    18  stm32f10x_gpio.o(.text)
    GPIO_ReadOutputData                      0x08001e0d   Thumb Code     8  stm32f10x_gpio.o(.text)
    GPIO_SetBits                             0x08001e15   Thumb Code     4  stm32f10x_gpio.o(.text)
    GPIO_ResetBits                           0x08001e19   Thumb Code     4  stm32f10x_gpio.o(.text)
    GPIO_WriteBit                            0x08001e1d   Thumb Code    10  stm32f10x_gpio.o(.text)
    GPIO_Write                               0x08001e27   Thumb Code     4  stm32f10x_gpio.o(.text)
    RTC_ITConfig                             0x08001e2d   Thumb Code    26  stm32f10x_rtc.o(.text)
    RTC_EnterConfigMode                      0x08001e47   Thumb Code    18  stm32f10x_rtc.o(.text)
    RTC_ExitConfigMode                       0x08001e59   Thumb Code    20  stm32f10x_rtc.o(.text)
    RTC_GetCounter                           0x08001e6d   Thumb Code    18  stm32f10x_rtc.o(.text)
    RTC_SetCounter                           0x08001e7f   Thumb Code    26  stm32f10x_rtc.o(.text)
    RTC_SetPrescaler                         0x08001e99   Thumb Code    28  stm32f10x_rtc.o(.text)
    RTC_WaitForLastTask                      0x08001eb5   Thumb Code    18  stm32f10x_rtc.o(.text)
    RTC_WaitForSynchro                       0x08001ec7   Thumb Code    36  stm32f10x_rtc.o(.text)
    SPI_I2S_SendData                         0x08001ef1   Thumb Code     4  stm32f10x_spi.o(.text)
    SPI_I2S_ReceiveData                      0x08001ef5   Thumb Code     6  stm32f10x_spi.o(.text)
    TIM_ClearITPendingBit                    0x0800201b   Thumb Code     6  stm32f10x_tim.o(.text)
    BKP_DeInit                               0x08002021   Thumb Code    16  stm32f10x_bkp.o(.text)
    BKP_WriteBackupRegister                  0x08002031   Thumb Code    22  stm32f10x_bkp.o(.text)
    BKP_ReadBackupRegister                   0x08002047   Thumb Code    24  stm32f10x_bkp.o(.text)
    PWR_BackupAccessCmd                      0x08002065   Thumb Code     6  stm32f10x_pwr.o(.text)
    IWDG_ReloadCounter                       0x08002071   Thumb Code    10  stm32f10x_iwdg.o(.text)
    FLASH_Unlock                             0x08002081   Thumb Code    12  stm32f10x_flash.o(.text)
    FLASH_Lock                               0x0800208d   Thumb Code    14  stm32f10x_flash.o(.text)
    FLASH_GetStatus                          0x0800209b   Thumb Code    48  stm32f10x_flash.o(.text)
    FLASH_WaitForLastOperation               0x080020e5   Thumb Code    42  stm32f10x_flash.o(.text)
    FLASH_ErasePage                          0x0800210f   Thumb Code    76  stm32f10x_flash.o(.text)
    FLASH_ProgramWord                        0x0800215b   Thumb Code   110  stm32f10x_flash.o(.text)
    Reset_Handler                            0x080021d5   Thumb Code     4  startup_stm32f10x_md.o(.text)
    ADC1_2_IRQHandler                        0x080021eb   Thumb Code     0  startup_stm32f10x_md.o(.text)
    CAN1_RX1_IRQHandler                      0x080021eb   Thumb Code     0  startup_stm32f10x_md.o(.text)
    CAN1_SCE_IRQHandler                      0x080021eb   Thumb Code     0  startup_stm32f10x_md.o(.text)
    DMA1_Channel1_IRQHandler                 0x080021eb   Thumb Code     0  startup_stm32f10x_md.o(.text)
    DMA1_Channel2_IRQHandler                 0x080021eb   Thumb Code     0  startup_stm32f10x_md.o(.text)
    DMA1_Channel3_IRQHandler                 0x080021eb   Thumb Code     0  startup_stm32f10x_md.o(.text)
    DMA1_Channel4_IRQHandler                 0x080021eb   Thumb Code     0  startup_stm32f10x_md.o(.text)
    DMA1_Channel5_IRQHandler                 0x080021eb   Thumb Code     0  startup_stm32f10x_md.o(.text)
    DMA1_Channel6_IRQHandler                 0x080021eb   Thumb Code     0  startup_stm32f10x_md.o(.text)
    DMA1_Channel7_IRQHandler                 0x080021eb   Thumb Code     0  startup_stm32f10x_md.o(.text)
    EXTI0_IRQHandler                         0x080021eb   Thumb Code     0  startup_stm32f10x_md.o(.text)
    EXTI15_10_IRQHandler                     0x080021eb   Thumb Code     0  startup_stm32f10x_md.o(.text)
    EXTI1_IRQHandler                         0x080021eb   Thumb Code     0  startup_stm32f10x_md.o(.text)
    EXTI2_IRQHandler                         0x080021eb   Thumb Code     0  startup_stm32f10x_md.o(.text)
    EXTI3_IRQHandler                         0x080021eb   Thumb Code     0  startup_stm32f10x_md.o(.text)
    EXTI4_IRQHandler                         0x080021eb   Thumb Code     0  startup_stm32f10x_md.o(.text)
    FLASH_IRQHandler                         0x080021eb   Thumb Code     0  startup_stm32f10x_md.o(.text)
    I2C1_ER_IRQHandler                       0x080021eb   Thumb Code     0  startup_stm32f10x_md.o(.text)
    I2C1_EV_IRQHandler                       0x080021eb   Thumb Code     0  startup_stm32f10x_md.o(.text)
    I2C2_ER_IRQHandler                       0x080021eb   Thumb Code     0  startup_stm32f10x_md.o(.text)
    I2C2_EV_IRQHandler                       0x080021eb   Thumb Code     0  startup_stm32f10x_md.o(.text)
    PVD_IRQHandler                           0x080021eb   Thumb Code     0  startup_stm32f10x_md.o(.text)
    RCC_IRQHandler                           0x080021eb   Thumb Code     0  startup_stm32f10x_md.o(.text)
    RTCAlarm_IRQHandler                      0x080021eb   Thumb Code     0  startup_stm32f10x_md.o(.text)
    RTC_IRQHandler                           0x080021eb   Thumb Code     0  startup_stm32f10x_md.o(.text)
    SPI1_IRQHandler                          0x080021eb   Thumb Code     0  startup_stm32f10x_md.o(.text)
    SPI2_IRQHandler                          0x080021eb   Thumb Code     0  startup_stm32f10x_md.o(.text)
    TAMPER_IRQHandler                        0x080021eb   Thumb Code     0  startup_stm32f10x_md.o(.text)
    TIM1_BRK_IRQHandler                      0x080021eb   Thumb Code     0  startup_stm32f10x_md.o(.text)
    TIM1_CC_IRQHandler                       0x080021eb   Thumb Code     0  startup_stm32f10x_md.o(.text)
    TIM1_TRG_COM_IRQHandler                  0x080021eb   Thumb Code     0  startup_stm32f10x_md.o(.text)
    TIM2_IRQHandler                          0x080021eb   Thumb Code     0  startup_stm32f10x_md.o(.text)
    TIM3_IRQHandler                          0x080021eb   Thumb Code     0  startup_stm32f10x_md.o(.text)
    TIM4_IRQHandler                          0x080021eb   Thumb Code     0  startup_stm32f10x_md.o(.text)
    USART1_IRQHandler                        0x080021eb   Thumb Code     0  startup_stm32f10x_md.o(.text)
    USART3_IRQHandler                        0x080021eb   Thumb Code     0  startup_stm32f10x_md.o(.text)
    USBWakeUp_IRQHandler                     0x080021eb   Thumb Code     0  startup_stm32f10x_md.o(.text)
    USB_HP_CAN1_TX_IRQHandler                0x080021eb   Thumb Code     0  startup_stm32f10x_md.o(.text)
    WWDG_IRQHandler                          0x080021eb   Thumb Code     0  startup_stm32f10x_md.o(.text)
    __user_initial_stackheap                 0x080021ed   Thumb Code     0  startup_stm32f10x_md.o(.text)
    USB_Reset_Event                          0x0800220d   Thumb Code     8  usbuser.o(.text)
    USB_Suspend_Event                        0x08002215   Thumb Code     2  usbuser.o(.text)
    USB_WakeUp_Event                         0x08002217   Thumb Code     2  usbuser.o(.text)
    USB_Configure_Event                      0x08002219   Thumb Code     2  usbuser.o(.text)
    USB_EndPoint1                            0x0800221b   Thumb Code    22  usbuser.o(.text)
    USB_EndPoint2                            0x08002231   Thumb Code    28  usbuser.o(.text)
    MSC_Reset                                0x08002251   Thumb Code    10  mscuser.o(.text)
    MSC_GetMaxLUN                            0x0800225b   Thumb Code    10  mscuser.o(.text)
    MSC_MemoryRead                           0x08002265   Thumb Code   138  mscuser.o(.text)
    MSC_SetCSW                               0x080022ef   Thumb Code    24  mscuser.o(.text)
    MSC_MemoryWrite                          0x08002307   Thumb Code   138  mscuser.o(.text)
    MSC_MemoryVerify                         0x08002391   Thumb Code     2  mscuser.o(.text)
    MSC_RWSetup                              0x08002393   Thumb Code   102  mscuser.o(.text)
    DataInFormat                             0x080023f9   Thumb Code    56  mscuser.o(.text)
    DataInTransfer                           0x08002431   Thumb Code    60  mscuser.o(.text)
    MSC_TestUnitReady                        0x0800246d   Thumb Code    44  mscuser.o(.text)
    MSC_RequestSense                         0x08002499   Thumb Code    80  mscuser.o(.text)
    MSC_Inquiry                              0x080024e9   Thumb Code   104  mscuser.o(.text)
    MSC_ModeSense6                           0x08002551   Thumb Code    38  mscuser.o(.text)
    MSC_ModeSense10                          0x08002577   Thumb Code    48  mscuser.o(.text)
    MSC_ReadCapacity                         0x080025a7   Thumb Code   110  mscuser.o(.text)
    MSC_ReadFormatCapacity                   0x08002615   Thumb Code   164  mscuser.o(.text)
    MSC_GetCBW                               0x080026b9   Thumb Code   382  mscuser.o(.text)
    MSC_BulkIn                               0x08002837   Thumb Code    72  mscuser.o(.text)
    MSC_BulkOut                              0x0800287f   Thumb Code    84  mscuser.o(.text)
    USB_ResetCore                            0x080028f9   Thumb Code    30  usbcore.o(.text)
    USB_SetupStage                           0x08002917   Thumb Code    12  usbcore.o(.text)
    USB_DataInStage                          0x08002923   Thumb Code    52  usbcore.o(.text)
    USB_DataOutStage                         0x08002957   Thumb Code    34  usbcore.o(.text)
    USB_StatusInStage                        0x08002979   Thumb Code    14  usbcore.o(.text)
    USB_StatusOutStage                       0x08002987   Thumb Code    12  usbcore.o(.text)
    USB_EndPoint0                            0x08002993   Thumb Code   596  usbcore.o(.text)
    EP_Reset                                 0x08002c11   Thumb Code    58  usbhw.o(.text)
    EP_Status                                0x08002c4b   Thumb Code    70  usbhw.o(.text)
    USB_Init                                 0x08002c91   Thumb Code    28  usbhw.o(.text)
    USB_Connect                              0x08002cad   Thumb Code    80  usbhw.o(.text)
    USB_Reset                                0x08002cfd   Thumb Code   100  usbhw.o(.text)
    USB_Suspend                              0x08002d61   Thumb Code    24  usbhw.o(.text)
    USB_WakeUp                               0x08002d79   Thumb Code    14  usbhw.o(.text)
    USB_WakeUpCfg                            0x08002d87   Thumb Code     2  usbhw.o(.text)
    USB_SetAddress                           0x08002d89   Thumb Code    12  usbhw.o(.text)
    USB_Configure                            0x08002d95   Thumb Code     4  usbhw.o(.text)
    USB_ConfigEP                             0x08002d99   Thumb Code   186  usbhw.o(.text)
    USB_DirCtrlEP                            0x08002e53   Thumb Code     2  usbhw.o(.text)
    USB_EnableEP                             0x08002e55   Thumb Code    16  usbhw.o(.text)
    USB_DisableEP                            0x08002e65   Thumb Code    14  usbhw.o(.text)
    USB_ResetEP                              0x08002e73   Thumb Code    12  usbhw.o(.text)
    USB_SetStallEP                           0x08002e7f   Thumb Code    16  usbhw.o(.text)
    USB_ClrStallEP                           0x08002e8f   Thumb Code    16  usbhw.o(.text)
    USB_ReadEP                               0x08002e9f   Thumb Code    86  usbhw.o(.text)
    USB_WriteEP                              0x08002ef5   Thumb Code    82  usbhw.o(.text)
    USB_LP_CAN1_RX0_IRQHandler               0x08002f47   Thumb Code   276  usbhw.o(.text)
    _ttywrch                                 0x08003069   Thumb Code     2  retarget.o(.text)
    _sys_open                                0x0800306b   Thumb Code    74  retarget.o(.text)
    _sys_close                               0x080030b5   Thumb Code    28  retarget.o(.text)
    _sys_write                               0x080030d1   Thumb Code    44  retarget.o(.text)
    _sys_istty                               0x080030fd   Thumb Code    22  retarget.o(.text)
    _sys_seek                                0x08003113   Thumb Code    34  retarget.o(.text)
    _sys_flen                                0x08003135   Thumb Code    38  retarget.o(.text)
    _sys_exit                                0x0800315b   Thumb Code     4  retarget.o(.text)
    __fclose                                 0x0800317d   Thumb Code   130  _fs_fclose.o(.text)
    _fcreate                                 0x08003209   Thumb Code   308  _fs_fcreate.o(.text)
    _fdelete                                 0x0800333d   Thumb Code   140  _fs_fdelete.o(.text)
    fs_rd_alloc                              0x080033c9   Thumb Code    42  _fs_flashio.o(.text)
    fs_adr_sig                               0x080033f3   Thumb Code    22  _fs_flashio.o(.text)
    fs_get_freeID                            0x08003409   Thumb Code    98  _fs_flashio.o(.text)
    fs_get_freeMem                           0x0800346b   Thumb Code    86  _fs_flashio.o(.text)
    fs_check_fwopen                          0x080034c1   Thumb Code    90  _fs_flashio.o(.text)
    fs_mark_freeMem                          0x0800351b   Thumb Code    74  _fs_flashio.o(.text)
    fs_rd_sig                                0x08003565   Thumb Code    36  _fs_flashio.o(.text)
    fs_Find_File                             0x08003589   Thumb Code   208  _fs_flashio.o(.text)
    fs_WriteBlock                            0x08003659   Thumb Code    98  _fs_flashio.o(.text)
    fs_BlockFull                             0x080036bb   Thumb Code    94  _fs_flashio.o(.text)
    fs_AllocBlock                            0x08003719   Thumb Code   182  _fs_flashio.o(.text)
    fs_BlockInvalid                          0x080037cf   Thumb Code    68  _fs_flashio.o(.text)
    fs_InitBlock                             0x08003813   Thumb Code    88  _fs_flashio.o(.text)
    __fopen                                  0x08003881   Thumb Code   478  _fs_fopen.o(.text)
    __getfsize                               0x08003a71   Thumb Code   200  _fs_getfsize.o(.text)
    __setfpos                                0x08003b3d   Thumb Code   296  _fs_setfpos.o(.text)
    __write                                  0x08003c6d   Thumb Code   268  _fs_write.o(.text)
    fat_init                                 0x0800450d   Thumb Code    12  fs_fat.o(.text)
    get_mmc                                  0x08004519   Thumb Code    16  fs_fat.o(.text)
    fat_find_file                            0x08005b5b   Thumb Code    82  fs_fat.o(.text)
    fat_create                               0x08005dcd   Thumb Code    94  fs_fat.o(.text)
    fat_delete                               0x08006119   Thumb Code   104  fs_fat.o(.text)
    fat_write                                0x08006219   Thumb Code   288  fs_fat.o(.text)
    fat_close_write                          0x080063c7   Thumb Code   140  fs_fat.o(.text)
    fat_set_fpos                             0x08006453   Thumb Code    72  fs_fat.o(.text)
    fat_read_data                            0x08006527   Thumb Code   128  fs_fat.o(.text)
    fat_write_data                           0x080065a7   Thumb Code   136  fs_fat.o(.text)
    fs_get_time                              0x08006641   Thumb Code    56  fs_time.o(.text)
    fs_get_date                              0x08006679   Thumb Code    76  fs_time.o(.text)
    fn_cmp                                   0x080066c5   Thumb Code    38  fs_lib.o(.text)
    fs_ReadData                              0x080066eb   Thumb Code    22  fs_lib.o(.text)
    fs_WriteData                             0x08006701   Thumb Code    22  fs_lib.o(.text)
    fs_get_drive                             0x08006717   Thumb Code    80  fs_lib.o(.text)
    fs_find_iob                              0x08006767   Thumb Code    46  fs_lib.o(.text)
    fs_set_params                            0x08006795   Thumb Code    88  fs_lib.o(.text)
    finit                                    0x08006815   Thumb Code    50  fs_finit.o(.text)
    fs_Init                                  0x08006855   Thumb Code    10  fs_flashprg.o(.text)
    fs_EraseSector                           0x0800685f   Thumb Code     8  fs_flashprg.o(.text)
    fs_ProgramPage                           0x08006867   Thumb Code    12  fs_flashprg.o(.text)
    fs_spi_Init                              0x08006873   Thumb Code     4  fs_flashprg.o(.text)
    fs_spi_ReadData                          0x08006877   Thumb Code    12  fs_flashprg.o(.text)
    fs_spi_EraseSector                       0x08006883   Thumb Code     8  fs_flashprg.o(.text)
    fs_spi_ProgramPage                       0x0800688b   Thumb Code    12  fs_flashprg.o(.text)
    ssd_SEND                                 0x08006899   Thumb Code    60  ssd1303.o(.text)
    ssd_RESET                                0x080068d5   Thumb Code    66  ssd1303.o(.text)
    ssd_SET_POS                              0x08006917   Thumb Code    46  ssd1303.o(.text)
    ssd_CLS                                  0x08006945   Thumb Code    42  ssd1303.o(.text)
    ssd_INIT                                 0x0800696f   Thumb Code    44  ssd1303.o(.text)
    ssd_OLED_INIT                            0x0800699b   Thumb Code    18  ssd1303.o(.text)
    vga_UPDATE                               0x080069d1   Thumb Code    50  vga_lib.o(.text)
    vga_SET_DRAW_MODE                        0x08006a03   Thumb Code     6  vga_lib.o(.text)
    vga_CLEAR                                0x08006a09   Thumb Code    46  vga_lib.o(.text)
    vga_INIT                                 0x08006a37   Thumb Code    30  vga_lib.o(.text)
    vga_DRAW_DATA8                           0x08006a55   Thumb Code   162  vga_lib.o(.text)
    vga_SET_POS_TEXT                         0x08006af7   Thumb Code    34  vga_lib.o(.text)
    vga_PRINT_CHAR                           0x08006b19   Thumb Code   126  vga_lib.o(.text)
    vga_PRINT_TEXT                           0x08006b97   Thumb Code    54  vga_lib.o(.text)
    men_1ms                                  0x08006bdd   Thumb Code   120  menu.o(.text)
    clust2sect                               0x08006e13   Thumb Code    26  ff.o(.text)
    get_fat                                  0x08006e2d   Thumb Code   232  ff.o(.text)
    put_fat                                  0x08006f15   Thumb Code   310  ff.o(.text)
    f_mount                                  0x08008265   Thumb Code    86  ff.o(.text)
    f_open                                   0x080082bb   Thumb Code   358  ff.o(.text)
    f_read                                   0x08008421   Thumb Code   434  ff.o(.text)
    f_sync                                   0x080085d3   Thumb Code   176  ff.o(.text)
    f_close                                  0x08008683   Thumb Code    32  ff.o(.text)
    f_stat                                   0x080086a3   Thumb Code    64  ff.o(.text)
    f_unlink                                 0x080086e3   Thumb Code   194  ff.o(.text)
    f_write                                  0x080087e9   Thumb Code   472  ff.o(.text)
    ff_convert                               0x080089c1   Thumb Code    70  ccsbcs.o(.text)
    ff_wtoupper                              0x08008a07   Thumb Code    46  ccsbcs.o(.text)
    xchg_spi                                 0x08008ac7   Thumb Code    28  mmc_32f1.o(.text)
    rcvr_spi_multi                           0x08008ae3   Thumb Code   124  mmc_32f1.o(.text)
    disk_initialize                          0x08008d61   Thumb Code   352  mmc_32f1.o(.text)
    disk_status                              0x08008ec1   Thumb Code    14  mmc_32f1.o(.text)
    disk_read                                0x08008ecf   Thumb Code   136  mmc_32f1.o(.text)
    disk_write                               0x08008f57   Thumb Code   170  mmc_32f1.o(.text)
    disk_ioctl                               0x08009001   Thumb Code   542  mmc_32f1.o(.text)
    disk_timerproc                           0x0800921f   Thumb Code    70  mmc_32f1.o(.text)
    get_fattime                              0x08009265   Thumb Code     2  mmc_32f1.o(.text)
    _fclose_internal                         0x08009267   Thumb Code    76  fclose.o(.text)
    fclose                                   0x08009267   Thumb Code     0  fclose.o(.text)
    strlen                                   0x080092b3   Thumb Code    62  strlen.o(.text)
    __aeabi_memcpy                           0x080092f1   Thumb Code     0  rt_memcpy_v6.o(.text)
    __rt_memcpy                              0x080092f1   Thumb Code   138  rt_memcpy_v6.o(.text)
    _memcpy_lastbytes                        0x08009357   Thumb Code     0  rt_memcpy_v6.o(.text)
    __aeabi_memcpy4                          0x0800937b   Thumb Code     0  rt_memcpy_w.o(.text)
    __aeabi_memcpy8                          0x0800937b   Thumb Code     0  rt_memcpy_w.o(.text)
    __rt_memcpy_w                            0x0800937b   Thumb Code   100  rt_memcpy_w.o(.text)
    _memcpy_lastbytes_aligned                0x080093c3   Thumb Code     0  rt_memcpy_w.o(.text)
    __aeabi_memset                           0x080093df   Thumb Code    16  aeabi_memset.o(.text)
    __aeabi_memclr                           0x080093ef   Thumb Code     0  rt_memclr.o(.text)
    __rt_memclr                              0x080093ef   Thumb Code    68  rt_memclr.o(.text)
    _memset                                  0x080093f3   Thumb Code     0  rt_memclr.o(.text)
    __aeabi_memclr4                          0x08009433   Thumb Code     0  rt_memclr_w.o(.text)
    __aeabi_memclr8                          0x08009433   Thumb Code     0  rt_memclr_w.o(.text)
    __rt_memclr_w                            0x08009433   Thumb Code    78  rt_memclr_w.o(.text)
    _memset_w                                0x08009437   Thumb Code     0  rt_memclr_w.o(.text)
    strcmp                                   0x08009481   Thumb Code   128  strcmpv7m.o(.text)
    localtime                                0x08009501   Thumb Code     6  localtime.o(.text)
    mktime                                   0x0800954b   Thumb Code   352  mktime.o(.text)
    __use_two_region_memory                  0x080096b5   Thumb Code     2  heapauxi.o(.text)
    __rt_heap_escrow                         0x080096b7   Thumb Code     2  heapauxi.o(.text)
    __rt_heap_expand                         0x080096b9   Thumb Code     2  heapauxi.o(.text)
    free                                     0x080096bb   Thumb Code    78  h1_free.o(.text)
    _seterr                                  0x08009709   Thumb Code    20  stdio.o(.text)
    _writebuf                                0x0800971d   Thumb Code    84  stdio.o(.text)
    _fflush                                  0x08009771   Thumb Code    70  stdio.o(.text)
    _deferredlazyseek                        0x080097b7   Thumb Code    60  stdio.o(.text)
    _localtime_r                             0x080097f9   Thumb Code   178  localtime_internal.o(.text)
    _n$localtime_r                           0x080097f9   Thumb Code     0  localtime_internal.o(.text)
    __user_libspace                          0x080098b1   Thumb Code     8  libspace.o(.text)
    __user_perproc_libspace                  0x080098b1   Thumb Code     0  libspace.o(.text)
    __user_perthread_libspace                0x080098b1   Thumb Code     0  libspace.o(.text)
    __rt_heap_descriptor                     0x080098b9   Thumb Code     8  rt_heap_descriptor_intlibspace.o(.text)
    __user_setup_stackheap                   0x080098c1   Thumb Code    74  sys_stackheap_outer.o(.text)
    exit                                     0x0800990b   Thumb Code    12  exit.o(.text)
    USB_GetDescriptor                        0x08009919   Thumb Code   146  usbcore.o(i.USB_GetDescriptor)
    USB_GetStatus                            0x080099c1   Thumb Code   174  usbcore.o(i.USB_GetStatus)
    USB_SetClrFeature                        0x08009a91   Thumb Code   198  usbcore.o(i.USB_SetClrFeature)
    USB_SetConfiguration                     0x08009b6d   Thumb Code   368  usbcore.o(i.USB_SetConfiguration)
    USB_SetInterface                         0x08009cfd   Thumb Code   246  usbcore.o(i.USB_SetInterface)
    __aeabi_fdiv                             0x08009e0d   Thumb Code     0  fdiv.o(x$fpl$fdiv)
    _fdiv                                    0x08009e0d   Thumb Code   384  fdiv.o(x$fpl$fdiv)
    __aeabi_f2iz                             0x08009f91   Thumb Code     0  ffix.o(x$fpl$ffix)
    _ffix                                    0x08009f91   Thumb Code    54  ffix.o(x$fpl$ffix)
    __aeabi_i2f                              0x08009fc9   Thumb Code     0  fflt_clz.o(x$fpl$fflt)
    _fflt                                    0x08009fc9   Thumb Code    48  fflt_clz.o(x$fpl$fflt)
    __aeabi_ui2f                             0x08009ff9   Thumb Code     0  fflt_clz.o(x$fpl$ffltu)
    _ffltu                                   0x08009ff9   Thumb Code    38  fflt_clz.o(x$fpl$ffltu)
    __aeabi_fmul                             0x0800a021   Thumb Code     0  fmul.o(x$fpl$fmul)
    _fmul                                    0x0800a021   Thumb Code   258  fmul.o(x$fpl$fmul)
    __fpl_fnaninf                            0x0800a123   Thumb Code   140  fnaninf.o(x$fpl$fnaninf)
    __fpl_fretinf                            0x0800a1af   Thumb Code    10  fretinf.o(x$fpl$fretinf)
    PARAMS                                   0x0800a1b8   Data         256  params.o(.constdata)
    __I$use$fp                               0x0800a1b8   Number         0  usenofp.o(x$fpl$usenofp)
    USB_P_EP                                 0x0800a2b8   Data          64  usbuser.o(.constdata)
    USB_DeviceDescriptor                     0x0800a2f8   Data          18  usbdesc.o(.constdata)
    USB_ConfigDescriptor                     0x0800a30a   Data          33  usbdesc.o(.constdata)
    USB_StringDescriptor                     0x0800a32b   Data         114  usbdesc.o(.constdata)
    _NFILE                                   0x0800a3a0   Data           2  file_config.o(.constdata)
    _DEF_DRIVE                               0x0800a3a2   Data           2  file_config.o(.constdata)
    _CPU_CLK                                 0x0800a3a4   Data           4  file_config.o(.constdata)
    FlashDev                                 0x0800a3a8   Data           8  file_config.o(.constdata)
    _FlashNumSect                            0x0800a3b0   Data           2  file_config.o(.constdata)
    _BlockFREE                               0x0800a3b4   Data           4  file_config.o(.constdata)
    _BASE_ADR                                0x0800a3b8   Data           4  file_config.o(.constdata)
    SpiDev                                   0x0800a3bc   Data           8  file_config.o(.constdata)
    _SpiNumSect                              0x0800a3c4   Data           2  file_config.o(.constdata)
    _SpiBlFREE                               0x0800a3c8   Data           4  file_config.o(.constdata)
    RamDev                                   0x0800a3cc   Data           8  file_config.o(.constdata)
    _RamNumSect                              0x0800a3d4   Data           2  file_config.o(.constdata)
    _MC_CSIZE                                0x0800a3d6   Data           2  file_config.o(.constdata)
    Font_6x8_Data                            0x0800a484   Data        1536  font_6x8.o(.constdata)
    FONT_6x8                                 0x0800aa84   Data           8  font_6x8.o(.constdata)
    Font_7x10_bold_Data                      0x0800aa8c   Data        3584  font_7x10_bold.o(.constdata)
    FONT_7x10_bold                           0x0800b88c   Data           8  font_7x10_bold.o(.constdata)
    _monlen                                  0x0800be0e   Data          12  _monlen.o(.constdata)
    Region$$Table$$Base                      0x0800be1c   Number         0  anon$$obj.o(Region$$Table)
    Region$$Table$$Limit                     0x0800be3c   Number         0  anon$$obj.o(Region$$Table)
    res_t                                    0x20000000   Data           1  main_1.o(.data)
    GLOBAL_TIMER_1ms                         0x20000004   Data           4  main_1.o(.data)
    POWER_OFF                                0x20000008   Data           4  main_1.o(.data)
    GLOBAL_ERROR                             0x2000000c   Data           4  main_1.o(.data)
    USB_CONNECT                              0x20000010   Data           4  main_1.o(.data)
    measure_stat                             0x20000014   Data           1  main_1.o(.data)
    usb_stat                                 0x20000015   Data           1  main_1.o(.data)
    Num_of_Signals                           0x20000018   Data           4  main_1.o(.data)
    test_reg                                 0x2000001c   Data           2  main_1.o(.data)
    Sec_timer                                0x2000001e   Data           2  main_1.o(.data)
    Moto_Sec                                 0x20000020   Data           2  main_1.o(.data)
    Flag_1S                                  0x20000022   Data           1  main_1.o(.data)
    k_reg                                    0x20000024   Data           4  main_1.o(.data)
    prgb_bat                                 0x20000028   Data           4  main_1.o(.data)
    usb_transit                              0x2000002c   Data           1  main_1.o(.data)
    T                                        0x2000002e   Data           2  main_1.o(.data)
    first_flag                               0x20000030   Data           4  main_1.o(.data)
    message_status                           0x20000034   Data           4  main_1.o(.data)
    timer1                                   0x20000038   Data           4  main_1.o(.data)
    timer2                                   0x2000003c   Data           4  main_1.o(.data)
    timer3                                   0x20000040   Data           4  main_1.o(.data)
    timer4                                   0x20000044   Data           4  main_1.o(.data)
    timer5                                   0x20000048   Data           4  main_1.o(.data)
    frzbat1                                  0x2000004c   Data           4  main_1.o(.data)
    frzbat2                                  0x20000050   Data           4  main_1.o(.data)
    usb_addr                                 0x20000054   Data           4  main_1.o(.data)
    usb_count                                0x20000058   Data           4  main_1.o(.data)
    id_akb                                   0x2000005c   Data           4  main_1.o(.data)
    usb_charge_state                         0x20000060   Data           4  main_1.o(.data)
    akbtemp                                  0x20000064   Data           4  main_1.o(.data)
    akbtimer1                                0x20000068   Data           4  main_1.o(.data)
    akbtimer2                                0x2000006c   Data           4  main_1.o(.data)
    akbemk                                   0x20000070   Data           4  main_1.o(.data)
    akbemk_count                             0x20000074   Data           4  main_1.o(.data)
    akbemk_tek                               0x20000078   Data           4  main_1.o(.data)
    akbemk_percent                           0x2000007c   Data           4  main_1.o(.data)
    akbemk_volt                              0x20000080   Data           4  main_1.o(.data)
    akbstatus                                0x20000084   Data           4  main_1.o(.data)
    akbemk_menu                              0x20000088   Data           4  main_1.o(.data)
    GPIO_InitStructure                       0x2000008c   Data           4  main_1.o(.data)
    i                                        0x20000098   Data           1  ext_adc.o(.data)
    f                                        0x20000099   Data           1  ext_adc.o(.data)
    ext_adc_DATA                             0x2000009c   Data           4  ext_adc.o(.data)
    ext_adc_COUNT                            0x200000a0   Data           2  ext_adc.o(.data)
    ext_adc_XCOUNT                           0x200000a2   Data           2  ext_adc.o(.data)
    ext_adc_VALUE                            0x200000a4   Data           4  ext_adc.o(.data)
    ext_mode_reg                             0x200000a8   Data           2  ext_adc.o(.data)
    ext_adc_DELAY                            0x200000ac   Data           4  ext_adc.o(.data)
    ext_adc_VAL                              0x200000b0   Data           4  ext_adc.o(.data)
    ext_adc_OVER                             0x200000b4   Data           1  ext_adc.o(.data)
    k_reg_mul                                0x200000b8   Data           4  ext_adc.o(.data)
    INDEX                                    0x200000bc   Data           1  ext_adc.o(.data)
    DECIMATOR                                0x200000bd   Data           1  ext_adc.o(.data)
    FILTER_1_ONE_SECTION                     0x200000c0   Data          48  ext_adc.o(.data)
    FILTER_1_TWO_SECTION                     0x200000f0   Data          48  ext_adc.o(.data)
    FILTER_2_ONE_SECTION                     0x20000120   Data          48  ext_adc.o(.data)
    FILTER_2_TWO_SECTION                     0x20000150   Data          48  ext_adc.o(.data)
    FILTER_3_ONE_SECTION                     0x20000180   Data          48  ext_adc.o(.data)
    FILTER_3_TWO_SECTION                     0x200001b0   Data          48  ext_adc.o(.data)
    FILTER_4_ONE_SECTION                     0x200001e0   Data          48  ext_adc.o(.data)
    FILTER_4_TWO_SECTION                     0x20000210   Data          48  ext_adc.o(.data)
    FILTER_5_ONE_SECTION                     0x20000240   Data          48  ext_adc.o(.data)
    FILTER_5_TWO_SECTION                     0x20000270   Data          48  ext_adc.o(.data)
    FILTER_6_ONE_SECTION                     0x200002a0   Data          48  ext_adc.o(.data)
    FILTER_6_TWO_SECTION                     0x200002d0   Data          48  ext_adc.o(.data)
    FILTER_7_ONE_SECTION                     0x20000300   Data          48  ext_adc.o(.data)
    FILTER_7_TWO_SECTION                     0x20000330   Data          48  ext_adc.o(.data)
    FILTER_8_ONE_SECTION                     0x20000360   Data          48  ext_adc.o(.data)
    FILTER_9_ONE_SECTION                     0x20000390   Data          48  ext_adc.o(.data)
    FILTER_10_TWO_SECTION                    0x200003c0   Data          48  ext_adc.o(.data)
    FILTER_11_ONE_SECTION                    0x200003f0   Data          48  ext_adc.o(.data)
    FILTER_12_ONE_SECTION                    0x20000420   Data          48  ext_adc.o(.data)
    INTEGRATOR_2Hz_25                        0x20000450   Data          48  ext_adc.o(.data)
    INTEGRATOR_2Hz                           0x20000480   Data          48  ext_adc.o(.data)
    INTEGRATOR_5Hz                           0x200004b0   Data          48  ext_adc.o(.data)
    INTEGRATOR_10Hz                          0x200004e0   Data          48  ext_adc.o(.data)
    INTEGRATOR_10Hz_ONE_SECTION              0x20000510   Data          48  ext_adc.o(.data)
    INTEGRATOR_10Hz_TWO_SECTION              0x20000540   Data          48  ext_adc.o(.data)
    FILTER_70_ONE_SECTION                    0x20000570   Data          48  ext_adc.o(.data)
    FILTER_70_TWO_SECTION                    0x200005a0   Data          48  ext_adc.o(.data)
    pHPF_1section                            0x200005d0   Data           4  ext_adc.o(.data)
    pHPF_2section                            0x200005d4   Data           4  ext_adc.o(.data)
    pLPF_1section                            0x200005d8   Data           4  ext_adc.o(.data)
    pLPF_2section                            0x200005dc   Data           4  ext_adc.o(.data)
    pINTEGRAL_1section                       0x200005e0   Data           4  ext_adc.o(.data)
    pINTEGRAL_2section                       0x200005e4   Data           4  ext_adc.o(.data)
    key_STATE                                0x200005e8   Data           1  keyboard.o(.data)
    key_OLD                                  0x200005e9   Data           1  keyboard.o(.data)
    key_EVENT                                0x200005ec   Data           4  keyboard.o(.data)
    key_bounce                               0x200005f0   Data           1  keyboard.o(.data)
    pRFile                                   0x200005f4   Data           4  road.o(.data)
    MemOK                                    0x200005f8   Data           4  mscuser.o(.data)
    Offset                                   0x200005fc   Data           4  mscuser.o(.data)
    Length                                   0x20000600   Data           4  mscuser.o(.data)
    BulkStage                                0x20000604   Data           1  mscuser.o(.data)
    BulkLen                                  0x20000605   Data           1  mscuser.o(.data)
    MSC_MemorySize                           0x20000608   Data           4  mscuser.o(.data)
    MSC_BlockSize                            0x2000060c   Data           4  mscuser.o(.data)
    MSC_BlockCount                           0x20000610   Data           4  mscuser.o(.data)
    USB_DeviceStatus                         0x20000614   Data           2  usbcore.o(.data)
    USB_DeviceAddress                        0x20000616   Data           1  usbcore.o(.data)
    USB_Configuration                        0x20000617   Data           1  usbcore.o(.data)
    USB_EndPointMask                         0x20000618   Data           4  usbcore.o(.data)
    USB_EndPointHalt                         0x2000061c   Data           4  usbcore.o(.data)
    USB_NumInterfaces                        0x20000620   Data           1  usbcore.o(.data)
    USB_AltSetting                           0x20000621   Data           4  usbcore.o(.data)
    EP0Buf                                   0x20000625   Data           8  usbcore.o(.data)
    EP0Data                                  0x20000630   Data           8  usbcore.o(.data)
    SetupPacket                              0x20000638   Data           8  usbcore.o(.data)
    pBUF_DSCR                                0x20000640   Data           4  usbhw.o(.data)
    FreeBufAddr                              0x20000644   Data           2  usbhw.o(.data)
    vga_MODE                                 0x2000065c   Data           1  vga_lib.o(.data)
    text_pos_x                               0x2000065d   Data           1  vga_lib.o(.data)
    text_pos_y                               0x2000065e   Data           1  vga_lib.o(.data)
    crtflag                                  0x20000660   Data           1  menu.o(.data)
    BeyondRoad                               0x20000661   Data           1  menu.o(.data)
    SampleAlreadyExist                       0x20000662   Data           1  menu.o(.data)
    Num_of_Road                              0x20000664   Data           4  menu.o(.data)
    men_STATUS                               0x20000668   Data           1  menu.o(.data)
    men_SAVE_STATUS                          0x20000669   Data           1  menu.o(.data)
    men_EVENT                                0x2000066a   Data           1  menu.o(.data)
    men_ID_FORM                              0x2000066b   Data           1  menu.o(.data)
    men_TIMER                                0x2000066c   Data           2  menu.o(.data)
    men_TIME_REF                             0x2000066e   Data           2  menu.o(.data)
    men_TIME_MES                             0x20000670   Data           2  menu.o(.data)
    men_TIME_PAROL                           0x20000672   Data           2  menu.o(.data)
    men_LEVEL_ACCES                          0x20000674   Data           1  menu.o(.data)
    men_POINTER                              0x20000676   Data           2  menu.o(.data)
    men_START_POINTER                        0x20000678   Data           2  menu.o(.data)
    men_cp                                   0x2000067a   Data           1  menu.o(.data)
    men_cc                                   0x2000067b   Data           1  menu.o(.data)
    men_s                                    0x2000067c   Data           1  menu.o(.data)
    men_CURSOR_STR                           0x2000067d   Data           1  menu.o(.data)
    men_CONFIG_SYS                           0x2000067e   Data           1  menu.o(.data)
    men_LEVEL_POINT                          0x20000680   Data           6  menu.o(.data)
    men_LEVEL_CUR                            0x20000686   Data           3  menu.o(.data)
    men_LEVEL                                0x20000689   Data           1  menu.o(.data)
    men_temp                                 0x2000068c   Data           4  menu.o(.data)
    road_pos                                 0x20000690   Data           4  menu.o(.data)
    road_pos_int                             0x20000694   Data           4  menu.o(.data)
    road_indicator                           0x20000698   Data           4  menu.o(.data)
    road_cursor_pos                          0x2000069c   Data           4  menu.o(.data)
    Road_Number                              0x200006a0   Data           1  menu.o(.data)
    route                                    0x200006a4   Data           4  menu.o(.data)
    sample_pos                               0x200006a8   Data           4  menu.o(.data)
    sample_cursor_pos                        0x200006ac   Data           4  menu.o(.data)
    current_sample_num                       0x200006b0   Data           1  menu.o(.data)
    h_out                                    0x200006b1   Data           5  menu.o(.data)
    m_out                                    0x200006b6   Data           5  menu.o(.data)
    s_out                                    0x200006bb   Data           5  menu.o(.data)
    str_out                                  0x200006c0   Data           5  menu.o(.data)
    bat_out                                  0x200006c5   Data           5  menu.o(.data)
    bat_float                                0x200006cc   Data           4  menu.o(.data)
    hour                                     0x200006d0   Data           4  menu.o(.data)
    min                                      0x200006d4   Data           4  menu.o(.data)
    sec                                      0x200006d8   Data           4  menu.o(.data)
    flag_bat                                 0x200006dc   Data           4  menu.o(.data)
    flag_charge                              0x200006e0   Data           4  menu.o(.data)
    freezbat                                 0x200006e4   Data           4  menu.o(.data)
    freezbat2                                0x200006e8   Data           4  menu.o(.data)
    iout                                     0x200006ec   Data           4  menu.o(.data)
    result                                   0x200006f0   Data           1  menu.o(.data)
    savefiledirTCHAR                         0x200006f4   Data           4  menu.o(.data)
    savefilenameTCHAR                        0x200006f8   Data           4  menu.o(.data)
    savefilenameTCHAR2                       0x200006fc   Data           4  menu.o(.data)
    flag_charge2                             0x20000700   Data           1  menu.o(.data)
    old_state_usb                            0x20000704   Data           4  menu.o(.data)
    old_state_pa8                            0x20000708   Data           4  menu.o(.data)
    VALUE                                    0x2000070c   Data           1  menu.o(.data)
    fls                                      0x20000728   Data         564  main_1.o(.bss)
    FileTmp                                  0x2000095c   Data         548  main_1.o(.bss)
    fno                                      0x20000b80   Data          32  main_1.o(.bss)
    sdinfo                                   0x20000ba0   Data          48  main_1.o(.bss)
    USB_D                                    0x20000bd0   Data          18  main_1.o(.bss)
    USART_InitStructure                      0x20000be4   Data          16  main_1.o(.bss)
    DMA                                      0x20000bf4   Data          44  main_1.o(.bss)
    ADC_InitStructure                        0x20000c20   Data          20  main_1.o(.bss)
    buf                                      0x20000c34   Data          10  main_1.o(.bss)
    ext_adc_SIM                              0x20000c40   Data       50000  ext_adc.o(.bss)
    SAMPLE                                   0x2000cf90   Data          16  ext_adc.o(.bss)
    DETECTOR                                 0x2000cfa0   Data          48  ext_adc.o(.bss)
    DATA_REG                                 0x2000d000   Data          66  reg.o(.bss)
    RTC_TM                                   0x2000d044   Data          44  realtime.o(.bss)
    BulkBuf                                  0x2000d070   Data          64  mscuser.o(.bss)
    CBW                                      0x2000d0b0   Data          31  mscuser.o(.bss)
    CSW                                      0x2000d0cf   Data          13  mscuser.o(.bss)
    _iob                                     0x2000d0dc   Data          52  file_config.o(.bss)
    mc_cache                                 0x2000d110   Data        1024  file_config.o(.bss)
    VGA_RAM                                  0x2000d664   Data        1024  vga_lib.o(.bss)
    __libspace_start                         0x2000da90   Data          96  libspace.o(.bss)
    __temporary_stack_top$libspace           0x2000daf0   Data           0  libspace.o(.bss)



==============================================================================

Memory Map of the image

  Image Entry point : 0x080000ed

  Load Region LR_IROM1 (Base: 0x08000000, Size: 0x0000c564, Max: 0x00020000, ABSOLUTE, COMPRESSED[0x0000c12c])

    Execution Region ER_IROM1 (Base: 0x08000000, Size: 0x0000be3c, Max: 0x00020000, ABSOLUTE)

    Base Addr    Size         Type   Attr      Idx    E Section Name        Object

    0x08000000   0x000000ec   Data   RO         2922    RESET               startup_stm32f10x_md.o
    0x080000ec   0x00000008   Code   RO         4665  * !!!main             c_w.l(__main.o)
    0x080000f4   0x00000034   Code   RO         5177    !!!scatter          c_w.l(__scatter.o)
    0x08000128   0x00000064   Code   RO         5175    !!dclz77c           c_w.l(__dclz77c.o)
    0x0800018c   0x0000001c   Code   RO         5179    !!handler_zi        c_w.l(__scatter_zi.o)
    0x080001a8   0x00000002   Code   RO         5105    .ARM.Collect$$libinit$$00000000  c_w.l(libinit.o)
    0x080001aa   0x00000000   Code   RO         4988    .ARM.Collect$$libinit$$00000002  c_w.l(libinit2.o)
    0x080001aa   0x00000000   Code   RO         4990    .ARM.Collect$$libinit$$00000004  c_w.l(libinit2.o)
    0x080001aa   0x00000000   Code   RO         4993    .ARM.Collect$$libinit$$0000000A  c_w.l(libinit2.o)
    0x080001aa   0x00000000   Code   RO         4995    .ARM.Collect$$libinit$$0000000C  c_w.l(libinit2.o)
    0x080001aa   0x00000000   Code   RO         4997    .ARM.Collect$$libinit$$0000000E  c_w.l(libinit2.o)
    0x080001aa   0x00000000   Code   RO         5000    .ARM.Collect$$libinit$$00000011  c_w.l(libinit2.o)
    0x080001aa   0x00000000   Code   RO         5002    .ARM.Collect$$libinit$$00000013  c_w.l(libinit2.o)
    0x080001aa   0x00000000   Code   RO         5004    .ARM.Collect$$libinit$$00000015  c_w.l(libinit2.o)
    0x080001aa   0x00000000   Code   RO         5006    .ARM.Collect$$libinit$$00000017  c_w.l(libinit2.o)
    0x080001aa   0x00000000   Code   RO         5008    .ARM.Collect$$libinit$$00000019  c_w.l(libinit2.o)
    0x080001aa   0x00000000   Code   RO         5010    .ARM.Collect$$libinit$$0000001B  c_w.l(libinit2.o)
    0x080001aa   0x00000000   Code   RO         5012    .ARM.Collect$$libinit$$0000001D  c_w.l(libinit2.o)
    0x080001aa   0x00000000   Code   RO         5014    .ARM.Collect$$libinit$$0000001F  c_w.l(libinit2.o)
    0x080001aa   0x00000000   Code   RO         5016    .ARM.Collect$$libinit$$00000021  c_w.l(libinit2.o)
    0x080001aa   0x00000000   Code   RO         5018    .ARM.Collect$$libinit$$00000023  c_w.l(libinit2.o)
    0x080001aa   0x00000000   Code   RO         5020    .ARM.Collect$$libinit$$00000025  c_w.l(libinit2.o)
    0x080001aa   0x00000000   Code   RO         5024    .ARM.Collect$$libinit$$0000002C  c_w.l(libinit2.o)
    0x080001aa   0x00000000   Code   RO         5026    .ARM.Collect$$libinit$$0000002E  c_w.l(libinit2.o)
    0x080001aa   0x00000000   Code   RO         5028    .ARM.Collect$$libinit$$00000030  c_w.l(libinit2.o)
    0x080001aa   0x00000000   Code   RO         5030    .ARM.Collect$$libinit$$00000032  c_w.l(libinit2.o)
    0x080001aa   0x00000002   Code   RO         5031    .ARM.Collect$$libinit$$00000033  c_w.l(libinit2.o)
    0x080001ac   0x00000002   Code   RO         5158    .ARM.Collect$$libshutdown$$00000000  c_w.l(libshutdown.o)
    0x080001ae   0x00000000   Code   RO         5108    .ARM.Collect$$libshutdown$$00000003  c_w.l(libshutdown2.o)
    0x080001ae   0x00000000   Code   RO         5111    .ARM.Collect$$libshutdown$$00000006  c_w.l(libshutdown2.o)
    0x080001ae   0x00000000   Code   RO         5114    .ARM.Collect$$libshutdown$$00000009  c_w.l(libshutdown2.o)
    0x080001ae   0x00000000   Code   RO         5116    .ARM.Collect$$libshutdown$$0000000B  c_w.l(libshutdown2.o)
    0x080001ae   0x00000000   Code   RO         5119    .ARM.Collect$$libshutdown$$0000000E  c_w.l(libshutdown2.o)
    0x080001ae   0x00000002   Code   RO         5120    .ARM.Collect$$libshutdown$$0000000F  c_w.l(libshutdown2.o)
    0x080001b0   0x00000000   Code   RO         4741    .ARM.Collect$$rtentry$$00000000  c_w.l(__rtentry.o)
    0x080001b0   0x00000000   Code   RO         4879    .ARM.Collect$$rtentry$$00000002  c_w.l(__rtentry2.o)
    0x080001b0   0x00000006   Code   RO         4891    .ARM.Collect$$rtentry$$00000004  c_w.l(__rtentry4.o)
    0x080001b6   0x00000000   Code   RO         4881    .ARM.Collect$$rtentry$$00000009  c_w.l(__rtentry2.o)
    0x080001b6   0x00000004   Code   RO         4882    .ARM.Collect$$rtentry$$0000000A  c_w.l(__rtentry2.o)
    0x080001ba   0x00000000   Code   RO         4884    .ARM.Collect$$rtentry$$0000000C  c_w.l(__rtentry2.o)
    0x080001ba   0x00000008   Code   RO         4885    .ARM.Collect$$rtentry$$0000000D  c_w.l(__rtentry2.o)
    0x080001c2   0x00000002   Code   RO         5123    .ARM.Collect$$rtexit$$00000000  c_w.l(rtexit.o)
    0x080001c4   0x00000000   Code   RO         5140    .ARM.Collect$$rtexit$$00000002  c_w.l(rtexit2.o)
    0x080001c4   0x00000004   Code   RO         5141    .ARM.Collect$$rtexit$$00000003  c_w.l(rtexit2.o)
    0x080001c8   0x00000006   Code   RO         5142    .ARM.Collect$$rtexit$$00000004  c_w.l(rtexit2.o)
    0x080001ce   0x00000002   PAD
    0x080001d0   0x00000020   Code   RO         1047    .emb_text           core_cm3.o
    0x080001f0   0x00000a3c   Code   RO            1    .text               main_1.o
    0x08000c2c   0x0000006c   Code   RO          233    .text               stm32f10x_it.o
    0x08000c98   0x00000268   Code   RO          335    .text               iir.o
    0x08000f00   0x00000098   Code   RO          484    .text               flash.o
    0x08000f98   0x00000514   Code   RO          587    .text               ext_adc.o
    0x080014ac   0x0000028c   Code   RO          689    .text               keyboard.o
    0x08001738   0x00000090   Code   RO          731    .text               reg.o
    0x080017c8   0x00000124   Code   RO          781    .text               realtime.o
    0x080018ec   0x000000e8   Code   RO          871    .text               flash_at45db.o
    0x080019d4   0x00000018   Code   RO          972    .text               road.o
    0x080019ec   0x0000013c   Code   RO         1029    .text               system_stm32f10x.o
    0x08001b28   0x00000084   Code   RO         1059    .text               misc.o
    0x08001bac   0x000000c0   Code   RO         1090    .text               stm32f10x_rcc.o
    0x08001c6c   0x00000078   Code   RO         1265    .text               stm32f10x_usart.o
    0x08001ce4   0x00000146   Code   RO         1404    .text               stm32f10x_gpio.o
    0x08001e2a   0x00000002   PAD
    0x08001e2c   0x000000c4   Code   RO         1768    .text               stm32f10x_rtc.o
    0x08001ef0   0x0000000a   Code   RO         1825    .text               stm32f10x_spi.o
    0x08001efa   0x00000126   Code   RO         1961    .text               stm32f10x_tim.o
    0x08002020   0x00000044   Code   RO         2482    .text               stm32f10x_bkp.o
    0x08002064   0x0000000c   Code   RO         2549    .text               stm32f10x_pwr.o
    0x08002070   0x00000010   Code   RO         2725    .text               stm32f10x_iwdg.o
    0x08002080   0x00000154   Code   RO         2809    .text               stm32f10x_flash.o
    0x080021d4   0x00000038   Code   RO         2923    .text               startup_stm32f10x_md.o
    0x0800220c   0x00000044   Code   RO         2939    .text               usbuser.o
    0x08002250   0x000006a8   Code   RO         3087    .text               mscuser.o
    0x080028f8   0x00000318   Code   RO         3120    .text               usbcore.o
    0x08002c10   0x00000458   Code   RO         3191    .text               usbhw.o
    0x08003068   0x00000114   Code   RO         3221    .text               retarget.o
    0x0800317c   0x0000008c   Code   RO         3292    .text               _fs_fclose.o
    0x08003208   0x00000134   Code   RO         3304    .text               _fs_fcreate.o
    0x0800333c   0x0000008c   Code   RO         3330    .text               _fs_fdelete.o
    0x080033c8   0x000004b8   Code   RO         3342    .text               _fs_flashio.o
    0x08003880   0x000001f0   Code   RO         3378    .text               _fs_fopen.o
    0x08003a70   0x000000cc   Code   RO         3402    .text               _fs_getfsize.o
    0x08003b3c   0x00000130   Code   RO         3426    .text               _fs_setfpos.o
    0x08003c6c   0x00000114   Code   RO         3438    .text               _fs_write.o
    0x08003d80   0x000028c0   Code   RO         3562    .text               fs_fat.o
    0x08006640   0x00000084   Code   RO         3611    .text               fs_time.o
    0x080066c4   0x00000150   Code   RO         3643    .text               fs_lib.o
    0x08006814   0x00000040   Code   RO         3662    .text               fs_finit.o
    0x08006854   0x00000042   Code   RO         3675    .text               fs_flashprg.o
    0x08006896   0x00000002   PAD
    0x08006898   0x00000138   Code   RO         3687    .text               ssd1303.o
    0x080069d0   0x0000020c   Code   RO         3717    .text               vga_lib.o
    0x08006bdc   0x00000088   Code   RO         4054    .text               menu.o
    0x08006c64   0x00001b84   Code   RO         4357    .text               ff.o
    0x080087e8   0x000001d8   Code   RO         4358    .text               ff.o
    0x080089c0   0x00000080   Code   RO         4507    .text               ccsbcs.o
    0x08008a40   0x00000826   Code   RO         4530    .text               mmc_32f1.o
    0x08009266   0x0000004c   Code   RO         4630    .text               c_w.l(fclose.o)
    0x080092b2   0x0000003e   Code   RO         4642    .text               c_w.l(strlen.o)
    0x080092f0   0x0000008a   Code   RO         4644    .text               c_w.l(rt_memcpy_v6.o)
    0x0800937a   0x00000064   Code   RO         4646    .text               c_w.l(rt_memcpy_w.o)
    0x080093de   0x00000010   Code   RO         4648    .text               c_w.l(aeabi_memset.o)
    0x080093ee   0x00000044   Code   RO         4650    .text               c_w.l(rt_memclr.o)
    0x08009432   0x0000004e   Code   RO         4652    .text               c_w.l(rt_memclr_w.o)
    0x08009480   0x00000080   Code   RO         4656    .text               c_w.l(strcmpv7m.o)
    0x08009500   0x0000000c   Code   RO         4658    .text               c_w.l(localtime.o)
    0x0800950c   0x000001a8   Code   RO         4661    .text               c_w.l(mktime.o)
    0x080096b4   0x00000006   Code   RO         4663    .text               c_w.l(heapauxi.o)
    0x080096ba   0x0000004e   Code   RO         4753    .text               c_w.l(h1_free.o)
    0x08009708   0x000000f0   Code   RO         4836    .text               c_w.l(stdio.o)
    0x080097f8   0x000000b8   Code   RO         4848    .text               c_w.l(localtime_internal.o)
    0x080098b0   0x00000008   Code   RO         4875    .text               c_w.l(libspace.o)
    0x080098b8   0x00000008   Code   RO         4898    .text               c_w.l(rt_heap_descriptor_intlibspace.o)
    0x080098c0   0x0000004a   Code   RO         5038    .text               c_w.l(sys_stackheap_outer.o)
    0x0800990a   0x0000000c   Code   RO         5085    .text               c_w.l(exit.o)
    0x08009916   0x00000002   PAD
    0x08009918   0x000000a8   Code   RO         3144    i.USB_GetDescriptor  usbcore.o
    0x080099c0   0x000000d0   Code   RO         3132    i.USB_GetStatus     usbcore.o
    0x08009a90   0x000000dc   Code   RO         3138    i.USB_SetClrFeature  usbcore.o
    0x08009b6c   0x00000190   Code   RO         3150    i.USB_SetConfiguration  usbcore.o
    0x08009cfc   0x00000110   Code   RO         3156    i.USB_SetInterface  usbcore.o
    0x08009e0c   0x00000184   Code   RO         4702    x$fpl$fdiv          fz_ws.l(fdiv.o)
    0x08009f90   0x00000036   Code   RO         4705    x$fpl$ffix          fz_ws.l(ffix.o)
    0x08009fc6   0x00000002   PAD
    0x08009fc8   0x00000030   Code   RO         4714    x$fpl$fflt          fz_ws.l(fflt_clz.o)
    0x08009ff8   0x00000026   Code   RO         4713    x$fpl$ffltu         fz_ws.l(fflt_clz.o)
    0x0800a01e   0x00000002   PAD
    0x0800a020   0x00000102   Code   RO         4719    x$fpl$fmul          fz_ws.l(fmul.o)
    0x0800a122   0x0000008c   Code   RO         4870    x$fpl$fnaninf       fz_ws.l(fnaninf.o)
    0x0800a1ae   0x0000000a   Code   RO         4872    x$fpl$fretinf       fz_ws.l(fretinf.o)
    0x0800a1b8   0x00000000   Code   RO         4874    x$fpl$usenofp       fz_ws.l(usenofp.o)
    0x0800a1b8   0x00000100   Data   RO          719    .constdata          params.o
    0x0800a2b8   0x00000040   Data   RO         2953    .constdata          usbuser.o
    0x0800a2f8   0x000000a5   Data   RO         3179    .constdata          usbdesc.o
    0x0800a39d   0x00000003   PAD
    0x0800a3a0   0x00000038   Data   RO         3451    .constdata          file_config.o
    0x0800a3d8   0x000000a9   Data   RO         3569    .constdata          fs_fat.o
    0x0800a481   0x00000003   PAD
    0x0800a484   0x00000608   Data   RO         3798    .constdata          font_6x8.o
    0x0800aa8c   0x00000e08   Data   RO         3822    .constdata          font_7x10_bold.o
    0x0800b894   0x000000ba   Data   RO         4378    .constdata          ff.o
    0x0800b94e   0x000004c0   Data   RO         4508    .constdata          ccsbcs.o
    0x0800be0e   0x0000000c   Data   RO         4847    .constdata          c_w.l(_monlen.o)
    0x0800be1a   0x00000002   PAD
    0x0800be1c   0x00000020   Data   RO         5173    Region$$Table       anon$$obj.o


    Execution Region RW_IRAM1 (Base: 0x20000000, Size: 0x0000e0f0, Max: 0x00010000, ABSOLUTE, COMPRESSED[0x000002f0])

    Base Addr    Size         Type   Attr      Idx    E Section Name        Object

    0x20000000   0x00000090   Data   RW            8    .data               main_1.o
    0x20000090   0x00000001   Data   RW          234    .data               stm32f10x_it.o
    0x20000091   0x00000007   PAD
    0x20000098   0x00000550   Data   RW          600    .data               ext_adc.o
    0x200005e8   0x00000009   Data   RW          692    .data               keyboard.o
    0x200005f1   0x00000003   PAD
    0x200005f4   0x00000004   Data   RW          976    .data               road.o
    0x200005f8   0x0000001c   Data   RW         3089    .data               mscuser.o
    0x20000614   0x0000002c   Data   RW         3121    .data               usbcore.o
    0x20000640   0x00000006   Data   RW         3194    .data               usbhw.o
    0x20000646   0x00000002   PAD
    0x20000648   0x00000014   Data   RW         3570    .data               fs_fat.o
    0x2000065c   0x00000003   Data   RW         3729    .data               vga_lib.o
    0x2000065f   0x00000001   PAD
    0x20000660   0x000000ad   Data   RW         4092    .data               menu.o
    0x2000070d   0x00000003   PAD
    0x20000710   0x00000006   Data   RW         4379    .data               ff.o
    0x20000716   0x00000002   PAD
    0x20000718   0x0000000d   Data   RW         4534    .data               mmc_32f1.o
    0x20000725   0x00000003   PAD
    0x20000728   0x00000516   Zero   RW            7    .bss                main_1.o
    0x20000c3e   0x00000002   PAD
    0x20000c40   0x0000c3c0   Zero   RW          598    .bss                ext_adc.o
    0x2000d000   0x00000042   Zero   RW          736    .bss                reg.o
    0x2000d042   0x00000002   PAD
    0x2000d044   0x0000002c   Zero   RW          791    .bss                realtime.o
    0x2000d070   0x0000006c   Zero   RW         3088    .bss                mscuser.o
    0x2000d0dc   0x00000434   Zero   RW         3450    .bss                file_config.o
    0x2000d510   0x00000154   Zero   RW         3568    .bss                fs_fat.o
    0x2000d664   0x00000400   Zero   RW         3727    .bss                vga_lib.o
    0x2000da64   0x0000002c   Zero   RW         4659    .bss                c_w.l(localtime.o)
    0x2000da90   0x00000060   Zero   RW         4876    .bss                c_w.l(libspace.o)
    0x2000daf0   0x00000200   Zero   RW         2921    HEAP                startup_stm32f10x_md.o
    0x2000dcf0   0x00000400   Zero   RW         2920    STACK               startup_stm32f10x_md.o


==============================================================================

Image component sizes


      Code (inc. data)   RO Data    RW Data    ZI Data      Debug   Object Name

       140         10          0          0          0        887   _fs_fclose.o
       308          0          0          0          0       9828   _fs_fcreate.o
       140          0          0          0          0        975   _fs_fdelete.o
         0          0          0          0          0       8525   _fs_ffind.o
      1208         22          0          0          0       5135   _fs_flashio.o
       496         18          0          0          0       1382   _fs_fopen.o
       204          4          0          0          0       1093   _fs_getfsize.o
       304          8          0          0          0       1200   _fs_setfpos.o
       276          8          0          0          0       1110   _fs_write.o
       128         12       1216          0          0       1861   ccsbcs.o
        32          0          0          0          0        540   core_cm3.o
      1300        118          0       1360      50112       6922   ext_adc.o
      7516         60        186          6          0      28921   ff.o
         0          0         56          0       1076       4550   file_config.o
       152          8          0          0          0       1495   flash.o
       232         14          0          0          0        476   flash_at45db.o
         0          0       1544          0          0        969   font_6x8.o
         0          0       3592          0          0       1003   font_7x10_bold.o
     10432        404        169         20        340      27307   fs_fat.o
        64         14          0          0          0        472   fs_finit.o
        66          0          0          0          0       1838   fs_flashprg.o
       336         40          0          0          0       2185   fs_lib.o
       132          0          0          0          0        734   fs_time.o
       616          4          0          0          0       2003   iir.o
       652         26          0          9          0       2183   keyboard.o
      2620        294          0        144       1302     298939   main_1.o
       136         16          0        173          0       7783   menu.o
       132         18          0          0          0       1112   misc.o
      2086         48          0         13          0       7140   mmc_32f1.o
      1704         92          0         28        108       6701   mscuser.o
         0          0        256          0          0        757   params.o
       292         16          0          0         44      12283   realtime.o
       144          8          0          0         66        782   reg.o
       276         30          0          0          0       2960   retarget.o
        24          6          0          4          0       1484   road.o
       312         36          0          0          0       1392   ssd1303.o
        56         22        236          0       1536        780   startup_stm32f10x_md.o
        68          6          0          0          0       1972   stm32f10x_bkp.o
       340         12          0          0          0       2991   stm32f10x_flash.o
       326          0          0          0          0       3083   stm32f10x_gpio.o
       108         10          0          1          0       1444   stm32f10x_it.o
        16          6          0          0          0        429   stm32f10x_iwdg.o
        12          6          0          0          0        466   stm32f10x_pwr.o
       192          8          0          0          0       1734   stm32f10x_rcc.o
       196          6          0          0          0       1616   stm32f10x_rtc.o
        10          0          0          0          0       1595   stm32f10x_spi.o
       294          0          0          0          0       4888   stm32f10x_tim.o
       120          0          0          0          0       2577   stm32f10x_usart.o
       316         18          0          0          0       1149   system_stm32f10x.o
      2060        198          0         44          0       7078   usbcore.o
         0          0        165          0          0        665   usbdesc.o
      1112         46          0          6          0       6692   usbhw.o
        68          4         64          0          0       6627   usbuser.o
       524         16          0          3       1024       4612   vga_lib.o
         0          0          0          0          0     211953   wav.o

    ----------------------------------------------------------------------
     38282       1692       7522       1832      55612     717278   Object Totals
         0          0         32          0          0          0   (incl. Generated)
         4          0          6         21          4          0   (incl. Padding)

    ----------------------------------------------------------------------

      Code (inc. data)   RO Data    RW Data    ZI Data      Debug   Library Member Name

       100          0          0          0          0          0   __dclz77c.o
         8          0          0          0          0         68   __main.o
         0          0          0          0          0          0   __rtentry.o
        12          0          0          0          0          0   __rtentry2.o
         6          0          0          0          0          0   __rtentry4.o
        52          8          0          0          0          0   __scatter.o
        28          0          0          0          0          0   __scatter_zi.o
         0          0         12          0          0          0   _monlen.o
        16          0          0          0          0         68   aeabi_memset.o
        12          0          0          0          0         72   exit.o
        76          0          0          0          0         88   fclose.o
        78          0          0          0          0         80   h1_free.o
         6          0          0          0          0        152   heapauxi.o
         2          0          0          0          0          0   libinit.o
         2          0          0          0          0          0   libinit2.o
         2          0          0          0          0          0   libshutdown.o
         2          0          0          0          0          0   libshutdown2.o
         8          4          0          0         96         68   libspace.o
        12          6          0          0         44         68   localtime.o
       184          6          0          0          0         80   localtime_internal.o
       424         10          0          0          0        124   mktime.o
         8          4          0          0          0         68   rt_heap_descriptor_intlibspace.o
        68          0          0          0          0         68   rt_memclr.o
        78          0          0          0          0         80   rt_memclr_w.o
       138          0          0          0          0         68   rt_memcpy_v6.o
       100          0          0          0          0         80   rt_memcpy_w.o
         2          0          0          0          0          0   rtexit.o
        10          0          0          0          0          0   rtexit2.o
       240          6          0          0          0        156   stdio.o
       128          0          0          0          0         68   strcmpv7m.o
        62          0          0          0          0         76   strlen.o
        74          0          0          0          0         80   sys_stackheap_outer.o
       388         76          0          0          0         96   fdiv.o
        54          4          0          0          0         84   ffix.o
        86          0          0          0          0        136   fflt_clz.o
       258          4          0          0          0         84   fmul.o
       140          4          0          0          0         84   fnaninf.o
        10          0          0          0          0         68   fretinf.o
         0          0          0          0          0          0   usenofp.o

    ----------------------------------------------------------------------
      2882        132         14          0        140       2164   Library Totals
         8          0          2          0          0          0   (incl. Padding)

    ----------------------------------------------------------------------

      Code (inc. data)   RO Data    RW Data    ZI Data      Debug   Library Name

      1938         44         12          0        140       1612   c_w.l
       936         88          0          0          0        552   fz_ws.l

    ----------------------------------------------------------------------
      2882        132         14          0        140       2164   Library Totals

    ----------------------------------------------------------------------

==============================================================================


      Code (inc. data)   RO Data    RW Data    ZI Data      Debug   

     41164       1824       7536       1832      55752     714290   Grand Totals
     41164       1824       7536        752      55752     714290   ELF Image Totals (compressed)
     41164       1824       7536        752          0          0   ROM Totals

==============================================================================

    Total RO  Size (Code + RO Data)                48700 (  47.56kB)
    Total RW  Size (RW Data + ZI Data)             57584 (  56.23kB)
    Total ROM Size (Code + RO Data + RW Data)      49452 (  48.29kB)

==============================================================================

